// Jest Snapshot v1, https://goo.gl/fbAQLP

exports[`should match snapshot 1`] = `
<div>
  <li
    className="item"
  >
    <p>
      koka kaffe
    </p>
    <div
      className="buttons"
    >
      <button
        className="complete-button"
        onClick={[Function]}
      >
        Done
      </button>
      <button
        className="delete-button"
        onClick={[Function]}
      >
        Delete
      </button>
    </div>
  </li>
</div>
`;
